src/components/ExerciseHistoryView.tsx(4,1): error TS6133: 'Locale' is declared but its value is never read.
src/components/ExerciseHistoryView.tsx(28,7): error TS6133: 'INITIAL_VISIBLE_LOGS' is declared but its value is never read.
src/components/ExerciseHistoryView.tsx(29,7): error TS6133: 'LOAD_MORE_STEP' is declared but its value is never read.
src/components/ExerciseHistoryView.tsx(46,10): error TS6133: 'WeightSparkline' is declared but its value is never read.
src/components/GraphView.tsx(207,9): error TS6133: 'performanceTitle' is declared but its value is never read.
src/lib/db.test.ts(978,11): error TS6133: 'now' is declared but its value is never read.
src/lib/exerciseImages.ts(112,16): error TS6133: 'getOrFetchFreeExerciseDb' is declared but its value is never read.
src/lib/exerciseImages.ts(154,10): error TS6133: 'matchFreeExerciseEntry' is declared but its value is never read.
src/lib/notifications.ts(33,7): error TS2353: Object literal may only specify known properties, and 'renotify' does not exist in type 'NotificationOptions'.
src/routes/exercises.$name.tsx(9,1): error TS6133: 'ExerciseProgressSummary' is declared but its value is never read.
src/routes/exercises.$name.tsx(55,9): error TS6133: 'workoutTypes' is declared but its value is never read.
src/routes/exercises.$name.tsx(234,48): error TS2339: Property 'metadataLevel' does not exist on type '{ readonly title: "Exercise detail"; readonly statsHeading: "Quick stats"; readonly statsLastRecorded: "Last recorded"; readonly statsSessionCount: "Tracked sessions"; readonly statsWeight: "Last weight"; readonly lastSessionHeading: "Last session"; readonly lastSessionSets: "sets logged"; readonly noSessions: "No r...'.
  Property 'metadataLevel' does not exist on type '{ readonly title: "Exercise detail"; readonly statsHeading: "Quick stats"; readonly statsLastRecorded: "Last recorded"; readonly statsSessionCount: "Tracked sessions"; readonly statsWeight: "Last weight"; readonly lastSessionHeading: "Last session"; readonly lastSessionSets: "sets logged"; readonly noSessions: "No r...'.
src/routes/exercises.$name.tsx(242,48): error TS2339: Property 'metadataEquipment' does not exist on type '{ readonly title: "Exercise detail"; readonly statsHeading: "Quick stats"; readonly statsLastRecorded: "Last recorded"; readonly statsSessionCount: "Tracked sessions"; readonly statsWeight: "Last weight"; readonly lastSessionHeading: "Last session"; readonly lastSessionSets: "sets logged"; readonly noSessions: "No r...'.
  Property 'metadataEquipment' does not exist on type '{ readonly title: "Exercise detail"; readonly statsHeading: "Quick stats"; readonly statsLastRecorded: "Last recorded"; readonly statsSessionCount: "Tracked sessions"; readonly statsWeight: "Last weight"; readonly lastSessionHeading: "Last session"; readonly lastSessionSets: "sets logged"; readonly noSessions: "No r...'.
src/routes/exercises.$name.tsx(250,48): error TS2339: Property 'metadataMechanic' does not exist on type '{ readonly title: "Exercise detail"; readonly statsHeading: "Quick stats"; readonly statsLastRecorded: "Last recorded"; readonly statsSessionCount: "Tracked sessions"; readonly statsWeight: "Last weight"; readonly lastSessionHeading: "Last session"; readonly lastSessionSets: "sets logged"; readonly noSessions: "No r...'.
  Property 'metadataMechanic' does not exist on type '{ readonly title: "Exercise detail"; readonly statsHeading: "Quick stats"; readonly statsLastRecorded: "Last recorded"; readonly statsSessionCount: "Tracked sessions"; readonly statsWeight: "Last weight"; readonly lastSessionHeading: "Last session"; readonly lastSessionSets: "sets logged"; readonly noSessions: "No r...'.
src/routes/exercises.$name.tsx(258,48): error TS2339: Property 'metadataForce' does not exist on type '{ readonly title: "Exercise detail"; readonly statsHeading: "Quick stats"; readonly statsLastRecorded: "Last recorded"; readonly statsSessionCount: "Tracked sessions"; readonly statsWeight: "Last weight"; readonly lastSessionHeading: "Last session"; readonly lastSessionSets: "sets logged"; readonly noSessions: "No r...'.
  Property 'metadataForce' does not exist on type '{ readonly title: "Exercise detail"; readonly statsHeading: "Quick stats"; readonly statsLastRecorded: "Last recorded"; readonly statsSessionCount: "Tracked sessions"; readonly statsWeight: "Last weight"; readonly lastSessionHeading: "Last session"; readonly lastSessionSets: "sets logged"; readonly noSessions: "No r...'.
src/routes/exercises.$name.tsx(266,48): error TS2339: Property 'metadataCategory' does not exist on type '{ readonly title: "Exercise detail"; readonly statsHeading: "Quick stats"; readonly statsLastRecorded: "Last recorded"; readonly statsSessionCount: "Tracked sessions"; readonly statsWeight: "Last weight"; readonly lastSessionHeading: "Last session"; readonly lastSessionSets: "sets logged"; readonly noSessions: "No r...'.
  Property 'metadataCategory' does not exist on type '{ readonly title: "Exercise detail"; readonly statsHeading: "Quick stats"; readonly statsLastRecorded: "Last recorded"; readonly statsSessionCount: "Tracked sessions"; readonly statsWeight: "Last weight"; readonly lastSessionHeading: "Last session"; readonly lastSessionSets: "sets logged"; readonly noSessions: "No r...'.
src/routes/exercises.$name.tsx(276,44): error TS2339: Property 'primaryMuscles' does not exist on type '{ readonly title: "Exercise detail"; readonly statsHeading: "Quick stats"; readonly statsLastRecorded: "Last recorded"; readonly statsSessionCount: "Tracked sessions"; readonly statsWeight: "Last weight"; readonly lastSessionHeading: "Last session"; readonly lastSessionSets: "sets logged"; readonly noSessions: "No r...'.
  Property 'primaryMuscles' does not exist on type '{ readonly title: "Exercise detail"; readonly statsHeading: "Quick stats"; readonly statsLastRecorded: "Last recorded"; readonly statsSessionCount: "Tracked sessions"; readonly statsWeight: "Last weight"; readonly lastSessionHeading: "Last session"; readonly lastSessionSets: "sets logged"; readonly noSessions: "No r...'.
src/routes/exercises.$name.tsx(290,44): error TS2339: Property 'secondaryMuscles' does not exist on type '{ readonly title: "Exercise detail"; readonly statsHeading: "Quick stats"; readonly statsLastRecorded: "Last recorded"; readonly statsSessionCount: "Tracked sessions"; readonly statsWeight: "Last weight"; readonly lastSessionHeading: "Last session"; readonly lastSessionSets: "sets logged"; readonly noSessions: "No r...'.
  Property 'secondaryMuscles' does not exist on type '{ readonly title: "Exercise detail"; readonly statsHeading: "Quick stats"; readonly statsLastRecorded: "Last recorded"; readonly statsSessionCount: "Tracked sessions"; readonly statsWeight: "Last weight"; readonly lastSessionHeading: "Last session"; readonly lastSessionSets: "sets logged"; readonly noSessions: "No r...'.
